// Jest Snapshot v1, https://goo.gl/fbAQLP

exports[`Navbar renders SWText correctly 1`] = `
<View
  style={
    Object {
      "alignItems": "center",
      "borderBottomColor": "rgba(255,232,31, 0.5)",
      "borderBottomWidth": 1,
      "flexDirection": "row",
      "height": 52,
      "width": "100%",
    }
  }
>
  <Text
    style={
      Object {
        "alignSelf": "auto",
        "color": "#FFE81F",
        "flex": 1,
        "fontFamily": "Exo-Bold",
        "fontSize": 18,
        "letterSpacing": 2,
        "marginBottom": 0,
        "marginLeft": 0,
        "marginRight": 0,
        "marginTop": 0,
        "textAlign": "center",
      }
    }
  >
    STAR WARS APP
  </Text>
</View>
`;
